

HI-TECH Software PICC Macro Assembler V9.65 build 4410 
                                                      Mon Oct 30 11:02:46 2023

HI-TECH Software Omniscient Code Generator build 4410
     1  0000                     opt subtitle "HI-TECH Software Omniscient Code 
                                 Generator build 4410"
     2                           
     3                           	processor	16F877A
     4                           clrc	macro
     5                           	bcf	status,0
     6  0000                     	endm
     7                           clrz	macro
     8                           	bcf	status,2
     9  0000                     	endm
    10                           setc	macro
    11                           	bsf	status,0
    12  0000                     	endm
    13                           setz	macro
    14                           	bsf	status,2
    15  0000                     	endm
    16                           skipc	macro
    17                           	btfss	status,0
    18  0000                     	endm
    19                           skipz	macro
    20                           	btfss	status,2
    21  0000                     	endm
    22                           skipnc	macro
    23                           	btfsc	status,0
    24  0000                     	endm
    25                           skipnz	macro
    26                           	btfsc	status,2
    27  0000                     	endm
    28  0000                     indf	equ	0
    29  0000                     indf0	equ	0
    30  0000                     pc	equ	2
    31  0000                     pcl	equ	2
    32  0000                     status	equ	3
    33  0000                     fsr	equ	4
    34  0000                     fsr0	equ	4
    35  0000                     c	equ	1
    36  0000                     z	equ	0
    37  0000                     pclath	equ	10
    38                           global __tempreg
    39  0000                     __tempreg	set	0x0
    40                           global __Lrdata_0, __Hrdata_0
    41  0000                     __Lrdata_0	equ	0x0
    42  0000                     __Hrdata_0	equ	0x1
    43                           global __Lramdata, __Lrdata_0, __Hramdata, __Hr
                                 data_0
    44  0000                     __Lramdata	set	__Lrdata_0
    45  0000                     __Hramdata	set	__Hrdata_0
    46                           	GLOBAL	__databank
    47  0000                     __databank	EQU	0
    48                           ;Data sizes: Strings 0, constant 0, data 0, bss
                                  0, persistent 0 stack 0
    49                           	global	_main
    50                           	global	??_main
    51                           	global	?_main
    52                           
    53                           ; *************** function _main **************
                                 *
    54                           ; Defined at:
    55                           ;		line 3 in file "F:\CVEA\embedded\PB\pb.c"
    56                           ; Parameters:
    57                           ;		None
    58                           ; Auto variables:
    59                           ;		None
    60                           ; Return value:
    61                           ;		type: void 
    62                           ;		size: 0
    63                           ; Registers used:
    64                           ;		wreg
    65                           ; Tracked objects:
    66                           ;		On entry : BFF/0
    67                           ;		On exit  : 0/0
    68                           ;		Unchanged: 0/0
    69                           ; Data sizes:
    70                           ;		Autos:    0
    71                           ;		Params:   0
    72                           ;		Temp:     0
    73                           ;		Total:    0
    74                           ; This function calls:
    75                           ;		Nothing
    76                           ; This function is called by:
    77                           ;		Startup code after reset
    78                           ; This function uses a non-reentrant model
    79                           ; 
    80                           	psect	maintext,class=CODE,delta=2
    81                           	file	"F:\CVEA\embedded\PB\pb.c"
    82                           	line	3
    83                           ;pb.c: 2: void main()
    84                           ;pb.c: 3: {
    85                           	
    86  0003                     _main:	
    87                           	opt stack 8
    88                           ; Regs used in _main: [wreg]
    89                           	line	4
    90                           ;pb.c: 4: TRISB=0XFE;
    91  0003  30FE               	movlw	(0FEh)
    92  0004  1683               	bsf	status, 5	;RP0=1, select bank1
    93  0005  1303               	bcf	status, 6	;RP2=0, select bank1
    94                           	
    95  0006  0086               	movwf	(134)^080h	;volatile
    96                           	line	5
    97                           ;pb.c: 5: RB0=0;
    98  0007  1283               	bcf	status, 5	;RP0=0, select bank0
    99  0008  1303               	bcf	status, 6	;RP2=0, select bank0
   100  0009  1006               	bcf	(48/8),(48)&7
   101                           	line	6
   102                           ;pb.c: 6: while(1)
   103                           	
   104  000A                     l3:	
   105                           	line	8
   106                           ;pb.c: 7: {
   107                           ;pb.c: 8: if(RB1==1)
   108  000A  1C86               	btfss	(49/8),(49)&7
   109  000B  280D               	goto	u691
   110  000C  280E               	goto	u690
   111  000D                     u691:
   112  000D  2810               	goto	l5
   113  000E                     u690:
   114                           	line	10
   115                           ;pb.c: 9: {
   116                           ;pb.c: 10: RB0=1;
   117  000E  1406               	bsf	(48/8),(48)&7
   118                           	line	11
   119                           ;pb.c: 11: }
   120  000F  2811               	goto	l2
   121                           	line	12
   122                           	
   123  0010                     l5:	
   124                           	line	14
   125                           ;pb.c: 12: else
   126                           ;pb.c: 13: {
   127                           ;pb.c: 14: RB0=0;
   128  0010  1006               	bcf	(48/8),(48)&7
   129                           	line	15
   130                           	
   131  0011                     l6:	
   132                           	line	16
   133                           	
   134  0011                     l2:	
   135                           	line	6
   136  0011  280A               	goto	l3
   137                           	global	start
   138  0012  120A  118A  2800   	ljmp	start
   139                           	psect	maintext
   140                           	opt stack 0
   141                           ; =============== function _main ends =========
                                 ======
   142                           
   143                           GLOBAL __end_of_main
   144  0015                     	__end_of_main:
   145                           	FNSIZE	_main,0,0
   146                           	line	17
   147                           	signat	_main,88
   148                           	FNROOT	_main
   149                           	psect	strings,class=CODE,delta=2,reloc=256
   150                           	global	_ADCON0
   151                           	global	_ADCON0
   152  0000                     	_ADCON0	set	0x1F
   153                           
   154                           	global	_ADCON1
   155                           	global	_ADCON1
   156  0000                     	_ADCON1	set	0x9F
   157                           
   158                           	global	_ADRESH
   159                           	global	_ADRESH
   160  0000                     	_ADRESH	set	0x1E
   161                           
   162                           	global	_ADRESL
   163                           	global	_ADRESL
   164  0000                     	_ADRESL	set	0x9E
   165                           
   166                           	global	_CCP1CON
   167                           	global	_CCP1CON
   168  0000                     	_CCP1CON	set	0x17
   169                           
   170                           	global	_CCP2CON
   171                           	global	_CCP2CON
   172  0000                     	_CCP2CON	set	0x1D
   173                           
   174                           	global	_CCPR1H
   175                           	global	_CCPR1H
   176  0000                     	_CCPR1H	set	0x16
   177                           
   178                           	global	_CCPR1L
   179                           	global	_CCPR1L
   180  0000                     	_CCPR1L	set	0x15
   181                           
   182                           	global	_CCPR2H
   183                           	global	_CCPR2H
   184  0000                     	_CCPR2H	set	0x1C
   185                           
   186                           	global	_CCPR2L
   187                           	global	_CCPR2L
   188  0000                     	_CCPR2L	set	0x1B
   189                           
   190                           	global	_CMCON
   191                           	global	_CMCON
   192  0000                     	_CMCON	set	0x9C
   193                           
   194                           	global	_CVRCON
   195                           	global	_CVRCON
   196  0000                     	_CVRCON	set	0x9D
   197                           
   198                           	global	_EEADR
   199                           	global	_EEADR
   200  0000                     	_EEADR	set	0x10D
   201                           
   202                           	global	_EEADRH
   203                           	global	_EEADRH
   204  0000                     	_EEADRH	set	0x10F
   205                           
   206                           	global	_EEADRL
   207                           	global	_EEADRL
   208  0000                     	_EEADRL	set	0x10D
   209                           
   210                           	global	_EECON1
   211                           	global	_EECON1
   212  0000                     	_EECON1	set	0x18C
   213                           
   214                           	global	_EECON2
   215                           	global	_EECON2
   216  0000                     	_EECON2	set	0x18D
   217                           
   218                           	global	_EEDATA
   219                           	global	_EEDATA
   220  0000                     	_EEDATA	set	0x10C
   221                           
   222                           	global	_EEDATH
   223                           	global	_EEDATH
   224  0000                     	_EEDATH	set	0x10E
   225                           
   226                           	global	_FSR
   227                           	global	_FSR
   228  0000                     	_FSR	set	0x4
   229                           
   230                           	global	_INDF
   231                           	global	_INDF
   232  0000                     	_INDF	set	0x0
   233                           
   234                           	global	_INTCON
   235                           	global	_INTCON
   236  0000                     	_INTCON	set	0xB
   237                           
   238                           	global	_OPTION
   239                           	global	_OPTION
   240  0000                     	_OPTION	set	0x81
   241                           
   242                           	global	_PCL
   243                           	global	_PCL
   244  0000                     	_PCL	set	0x2
   245                           
   246                           	global	_PCLATH
   247                           	global	_PCLATH
   248  0000                     	_PCLATH	set	0xA
   249                           
   250                           	global	_PCON
   251                           	global	_PCON
   252  0000                     	_PCON	set	0x8E
   253                           
   254                           	global	_PIE1
   255                           	global	_PIE1
   256  0000                     	_PIE1	set	0x8C
   257                           
   258                           	global	_PIE2
   259                           	global	_PIE2
   260  0000                     	_PIE2	set	0x8D
   261                           
   262                           	global	_PIR1
   263                           	global	_PIR1
   264  0000                     	_PIR1	set	0xC
   265                           
   266                           	global	_PIR2
   267                           	global	_PIR2
   268  0000                     	_PIR2	set	0xD
   269                           
   270                           	global	_PORTA
   271                           	global	_PORTA
   272  0000                     	_PORTA	set	0x5
   273                           
   274                           	global	_PORTB
   275                           	global	_PORTB
   276  0000                     	_PORTB	set	0x6
   277                           
   278                           	global	_PORTC
   279                           	global	_PORTC
   280  0000                     	_PORTC	set	0x7
   281                           
   282                           	global	_PORTD
   283                           	global	_PORTD
   284  0000                     	_PORTD	set	0x8
   285                           
   286                           	global	_PORTE
   287                           	global	_PORTE
   288  0000                     	_PORTE	set	0x9
   289                           
   290                           	global	_PR2
   291                           	global	_PR2
   292  0000                     	_PR2	set	0x92
   293                           
   294                           	global	_RCREG
   295                           	global	_RCREG
   296  0000                     	_RCREG	set	0x1A
   297                           
   298                           	global	_RCSTA
   299                           	global	_RCSTA
   300  0000                     	_RCSTA	set	0x18
   301                           
   302                           	global	_SPBRG
   303                           	global	_SPBRG
   304  0000                     	_SPBRG	set	0x99
   305                           
   306                           	global	_SSPADD
   307                           	global	_SSPADD
   308  0000                     	_SSPADD	set	0x93
   309                           
   310                           	global	_SSPBUF
   311                           	global	_SSPBUF
   312  0000                     	_SSPBUF	set	0x13
   313                           
   314                           	global	_SSPCON
   315                           	global	_SSPCON
   316  0000                     	_SSPCON	set	0x14
   317                           
   318                           	global	_SSPCON2
   319                           	global	_SSPCON2
   320  0000                     	_SSPCON2	set	0x91
   321                           
   322                           	global	_SSPSTAT
   323                           	global	_SSPSTAT
   324  0000                     	_SSPSTAT	set	0x94
   325                           
   326                           	global	_STATUS
   327                           	global	_STATUS
   328  0000                     	_STATUS	set	0x3
   329                           
   330                           	global	_T1CON
   331                           	global	_T1CON
   332  0000                     	_T1CON	set	0x10
   333                           
   334                           	global	_T2CON
   335                           	global	_T2CON
   336  0000                     	_T2CON	set	0x12
   337                           
   338                           	global	_TMR0
   339                           	global	_TMR0
   340  0000                     	_TMR0	set	0x1
   341                           
   342                           	global	_TMR1H
   343                           	global	_TMR1H
   344  0000                     	_TMR1H	set	0xF
   345                           
   346                           	global	_TMR1L
   347                           	global	_TMR1L
   348  0000                     	_TMR1L	set	0xE
   349                           
   350                           	global	_TMR2
   351                           	global	_TMR2
   352  0000                     	_TMR2	set	0x11
   353                           
   354                           	global	_TRISA
   355                           	global	_TRISA
   356  0000                     	_TRISA	set	0x85
   357                           
   358                           	global	_TRISB
   359  0000                     	_TRISB	set	0x86
   360                           
   361                           	global	_TRISC
   362                           	global	_TRISC
   363  0000                     	_TRISC	set	0x87
   364                           
   365                           	global	_TRISD
   366                           	global	_TRISD
   367  0000                     	_TRISD	set	0x88
   368                           
   369                           	global	_TRISE
   370                           	global	_TRISE
   371  0000                     	_TRISE	set	0x89
   372                           
   373                           	global	_TXREG
   374                           	global	_TXREG
   375  0000                     	_TXREG	set	0x19
   376                           
   377                           	global	_TXSTA
   378                           	global	_TXSTA
   379  0000                     	_TXSTA	set	0x98
   380                           
   381                           	global	_ACKDT
   382                           	global	_ACKDT
   383  0000                     	_ACKDT	set	0x48D	;byte address: 0x91
   384                           
   385                           	global	_ACKEN
   386                           	global	_ACKEN
   387  0000                     	_ACKEN	set	0x48C	;byte address: 0x91
   388                           
   389                           	global	_ACKSTAT
   390                           	global	_ACKSTAT
   391  0000                     	_ACKSTAT	set	0x48E	;byte address: 0x91
   392                           
   393                           	global	_ADCS0
   394                           	global	_ADCS0
   395  0000                     	_ADCS0	set	0xFE	;byte address: 0x1F
   396                           
   397                           	global	_ADCS1
   398                           	global	_ADCS1
   399  0000                     	_ADCS1	set	0xFF	;byte address: 0x1F
   400                           
   401                           	global	_ADCS2
   402                           	global	_ADCS2
   403  0000                     	_ADCS2	set	0x4FE	;byte address: 0x9F
   404                           
   405                           	global	_ADDEN
   406                           	global	_ADDEN
   407  0000                     	_ADDEN	set	0xC3	;byte address: 0x18
   408                           
   409                           	global	_ADFM
   410                           	global	_ADFM
   411  0000                     	_ADFM	set	0x4FF	;byte address: 0x9F
   412                           
   413                           	global	_ADGO
   414                           	global	_ADGO
   415  0000                     	_ADGO	set	0xFA	;byte address: 0x1F
   416                           
   417                           	global	_ADIE
   418                           	global	_ADIE
   419  0000                     	_ADIE	set	0x466	;byte address: 0x8C
   420                           
   421                           	global	_ADIF
   422                           	global	_ADIF
   423  0000                     	_ADIF	set	0x66	;byte address: 0xC
   424                           
   425                           	global	_ADON
   426                           	global	_ADON
   427  0000                     	_ADON	set	0xF8	;byte address: 0x1F
   428                           
   429                           	global	_BCLIE
   430                           	global	_BCLIE
   431  0000                     	_BCLIE	set	0x46B	;byte address: 0x8D
   432                           
   433                           	global	_BCLIF
   434                           	global	_BCLIF
   435  0000                     	_BCLIF	set	0x6B	;byte address: 0xD
   436                           
   437                           	global	_BF
   438                           	global	_BF
   439  0000                     	_BF	set	0x4A0	;byte address: 0x94
   440                           
   441                           	global	_BOR
   442                           	global	_BOR
   443  0000                     	_BOR	set	0x470	;byte address: 0x8E
   444                           
   445                           	global	_BRGH
   446                           	global	_BRGH
   447  0000                     	_BRGH	set	0x4C2	;byte address: 0x98
   448                           
   449                           	global	_C1INV
   450                           	global	_C1INV
   451  0000                     	_C1INV	set	0x4E4	;byte address: 0x9C
   452                           
   453                           	global	_C1OUT
   454                           	global	_C1OUT
   455  0000                     	_C1OUT	set	0x4E6	;byte address: 0x9C
   456                           
   457                           	global	_C2INV
   458                           	global	_C2INV
   459  0000                     	_C2INV	set	0x4E5	;byte address: 0x9C
   460                           
   461                           	global	_C2OUT
   462                           	global	_C2OUT
   463  0000                     	_C2OUT	set	0x4E7	;byte address: 0x9C
   464                           
   465                           	global	_CARRY
   466                           	global	_CARRY
   467  0000                     	_CARRY	set	0x18	;byte address: 0x3
   468                           
   469                           	global	_CCP1IE
   470                           	global	_CCP1IE
   471  0000                     	_CCP1IE	set	0x462	;byte address: 0x8C
   472                           
   473                           	global	_CCP1IF
   474                           	global	_CCP1IF
   475  0000                     	_CCP1IF	set	0x62	;byte address: 0xC
   476                           
   477                           	global	_CCP1M0
   478                           	global	_CCP1M0
   479  0000                     	_CCP1M0	set	0xB8	;byte address: 0x17
   480                           
   481                           	global	_CCP1M1
   482                           	global	_CCP1M1
   483  0000                     	_CCP1M1	set	0xB9	;byte address: 0x17
   484                           
   485                           	global	_CCP1M2
   486                           	global	_CCP1M2
   487  0000                     	_CCP1M2	set	0xBA	;byte address: 0x17
   488                           
   489                           	global	_CCP1M3
   490                           	global	_CCP1M3
   491  0000                     	_CCP1M3	set	0xBB	;byte address: 0x17
   492                           
   493                           	global	_CCP1X
   494                           	global	_CCP1X
   495  0000                     	_CCP1X	set	0xBD	;byte address: 0x17
   496                           
   497                           	global	_CCP1Y
   498                           	global	_CCP1Y
   499  0000                     	_CCP1Y	set	0xBC	;byte address: 0x17
   500                           
   501                           	global	_CCP2IE
   502                           	global	_CCP2IE
   503  0000                     	_CCP2IE	set	0x468	;byte address: 0x8D
   504                           
   505                           	global	_CCP2IF
   506                           	global	_CCP2IF
   507  0000                     	_CCP2IF	set	0x68	;byte address: 0xD
   508                           
   509                           	global	_CCP2M0
   510                           	global	_CCP2M0
   511  0000                     	_CCP2M0	set	0xE8	;byte address: 0x1D
   512                           
   513                           	global	_CCP2M1
   514                           	global	_CCP2M1
   515  0000                     	_CCP2M1	set	0xE9	;byte address: 0x1D
   516                           
   517                           	global	_CCP2M2
   518                           	global	_CCP2M2
   519  0000                     	_CCP2M2	set	0xEA	;byte address: 0x1D
   520                           
   521                           	global	_CCP2M3
   522                           	global	_CCP2M3
   523  0000                     	_CCP2M3	set	0xEB	;byte address: 0x1D
   524                           
   525                           	global	_CCP2X
   526                           	global	_CCP2X
   527  0000                     	_CCP2X	set	0xED	;byte address: 0x1D
   528                           
   529                           	global	_CCP2Y
   530                           	global	_CCP2Y
   531  0000                     	_CCP2Y	set	0xEC	;byte address: 0x1D
   532                           
   533                           	global	_CHS0
   534                           	global	_CHS0
   535  0000                     	_CHS0	set	0xFB	;byte address: 0x1F
   536                           
   537                           	global	_CHS1
   538                           	global	_CHS1
   539  0000                     	_CHS1	set	0xFC	;byte address: 0x1F
   540                           
   541                           	global	_CHS2
   542                           	global	_CHS2
   543  0000                     	_CHS2	set	0xFD	;byte address: 0x1F
   544                           
   545                           	global	_CIS
   546                           	global	_CIS
   547  0000                     	_CIS	set	0x4E3	;byte address: 0x9C
   548                           
   549                           	global	_CKE
   550                           	global	_CKE
   551  0000                     	_CKE	set	0x4A6	;byte address: 0x94
   552                           
   553                           	global	_CKP
   554                           	global	_CKP
   555  0000                     	_CKP	set	0xA4	;byte address: 0x14
   556                           
   557                           	global	_CM0
   558                           	global	_CM0
   559  0000                     	_CM0	set	0x4E0	;byte address: 0x9C
   560                           
   561                           	global	_CM1
   562                           	global	_CM1
   563  0000                     	_CM1	set	0x4E1	;byte address: 0x9C
   564                           
   565                           	global	_CM2
   566                           	global	_CM2
   567  0000                     	_CM2	set	0x4E2	;byte address: 0x9C
   568                           
   569                           	global	_CMIE
   570                           	global	_CMIE
   571  0000                     	_CMIE	set	0x46E	;byte address: 0x8D
   572                           
   573                           	global	_CMIF
   574                           	global	_CMIF
   575  0000                     	_CMIF	set	0x6E	;byte address: 0xD
   576                           
   577                           	global	_CREN
   578                           	global	_CREN
   579  0000                     	_CREN	set	0xC4	;byte address: 0x18
   580                           
   581                           	global	_CSRC
   582                           	global	_CSRC
   583  0000                     	_CSRC	set	0x4C7	;byte address: 0x98
   584                           
   585                           	global	_CVR0
   586                           	global	_CVR0
   587  0000                     	_CVR0	set	0x4E8	;byte address: 0x9D
   588                           
   589                           	global	_CVR1
   590                           	global	_CVR1
   591  0000                     	_CVR1	set	0x4E9	;byte address: 0x9D
   592                           
   593                           	global	_CVR2
   594                           	global	_CVR2
   595  0000                     	_CVR2	set	0x4EA	;byte address: 0x9D
   596                           
   597                           	global	_CVR3
   598                           	global	_CVR3
   599  0000                     	_CVR3	set	0x4EB	;byte address: 0x9D
   600                           
   601                           	global	_CVREN
   602                           	global	_CVREN
   603  0000                     	_CVREN	set	0x4EF	;byte address: 0x9D
   604                           
   605                           	global	_CVROE
   606                           	global	_CVROE
   607  0000                     	_CVROE	set	0x4EE	;byte address: 0x9D
   608                           
   609                           	global	_CVRR
   610                           	global	_CVRR
   611  0000                     	_CVRR	set	0x4ED	;byte address: 0x9D
   612                           
   613                           	global	_DA
   614                           	global	_DA
   615  0000                     	_DA	set	0x4A5	;byte address: 0x94
   616                           
   617                           	global	_DC
   618                           	global	_DC
   619  0000                     	_DC	set	0x19	;byte address: 0x3
   620                           
   621                           	global	_EEIE
   622                           	global	_EEIE
   623  0000                     	_EEIE	set	0x46C	;byte address: 0x8D
   624                           
   625                           	global	_EEIF
   626                           	global	_EEIF
   627  0000                     	_EEIF	set	0x6C	;byte address: 0xD
   628                           
   629                           	global	_EEPGD
   630                           	global	_EEPGD
   631  0000                     	_EEPGD	set	0xC67	;byte address: 0x18C
   632                           
   633                           	global	_FERR
   634                           	global	_FERR
   635  0000                     	_FERR	set	0xC2	;byte address: 0x18
   636                           
   637                           	global	_GCEN
   638                           	global	_GCEN
   639  0000                     	_GCEN	set	0x48F	;byte address: 0x91
   640                           
   641                           	global	_GIE
   642                           	global	_GIE
   643  0000                     	_GIE	set	0x5F	;byte address: 0xB
   644                           
   645                           	global	_GODONE
   646                           	global	_GODONE
   647  0000                     	_GODONE	set	0xFA	;byte address: 0x1F
   648                           
   649                           	global	_IBF
   650                           	global	_IBF
   651  0000                     	_IBF	set	0x44F	;byte address: 0x89
   652                           
   653                           	global	_IBOV
   654                           	global	_IBOV
   655  0000                     	_IBOV	set	0x44D	;byte address: 0x89
   656                           
   657                           	global	_INTE
   658                           	global	_INTE
   659  0000                     	_INTE	set	0x5C	;byte address: 0xB
   660                           
   661                           	global	_INTEDG
   662                           	global	_INTEDG
   663  0000                     	_INTEDG	set	0x40E	;byte address: 0x81
   664                           
   665                           	global	_INTF
   666                           	global	_INTF
   667  0000                     	_INTF	set	0x59	;byte address: 0xB
   668                           
   669                           	global	_IRP
   670                           	global	_IRP
   671  0000                     	_IRP	set	0x1F	;byte address: 0x3
   672                           
   673                           	global	_OBF
   674                           	global	_OBF
   675  0000                     	_OBF	set	0x44E	;byte address: 0x89
   676                           
   677                           	global	_OERR
   678                           	global	_OERR
   679  0000                     	_OERR	set	0xC1	;byte address: 0x18
   680                           
   681                           	global	_PCFG0
   682                           	global	_PCFG0
   683  0000                     	_PCFG0	set	0x4F8	;byte address: 0x9F
   684                           
   685                           	global	_PCFG1
   686                           	global	_PCFG1
   687  0000                     	_PCFG1	set	0x4F9	;byte address: 0x9F
   688                           
   689                           	global	_PCFG2
   690                           	global	_PCFG2
   691  0000                     	_PCFG2	set	0x4FA	;byte address: 0x9F
   692                           
   693                           	global	_PCFG3
   694                           	global	_PCFG3
   695  0000                     	_PCFG3	set	0x4FB	;byte address: 0x9F
   696                           
   697                           	global	_PD
   698                           	global	_PD
   699  0000                     	_PD	set	0x1B	;byte address: 0x3
   700                           
   701                           	global	_PEIE
   702                           	global	_PEIE
   703  0000                     	_PEIE	set	0x5E	;byte address: 0xB
   704                           
   705                           	global	_PEN
   706                           	global	_PEN
   707  0000                     	_PEN	set	0x48A	;byte address: 0x91
   708                           
   709                           	global	_POR
   710                           	global	_POR
   711  0000                     	_POR	set	0x471	;byte address: 0x8E
   712                           
   713                           	global	_PS0
   714                           	global	_PS0
   715  0000                     	_PS0	set	0x408	;byte address: 0x81
   716                           
   717                           	global	_PS1
   718                           	global	_PS1
   719  0000                     	_PS1	set	0x409	;byte address: 0x81
   720                           
   721                           	global	_PS2
   722                           	global	_PS2
   723  0000                     	_PS2	set	0x40A	;byte address: 0x81
   724                           
   725                           	global	_PSA
   726                           	global	_PSA
   727  0000                     	_PSA	set	0x40B	;byte address: 0x81
   728                           
   729                           	global	_PSPIE
   730                           	global	_PSPIE
   731  0000                     	_PSPIE	set	0x467	;byte address: 0x8C
   732                           
   733                           	global	_PSPIF
   734                           	global	_PSPIF
   735  0000                     	_PSPIF	set	0x67	;byte address: 0xC
   736                           
   737                           	global	_PSPMODE
   738                           	global	_PSPMODE
   739  0000                     	_PSPMODE	set	0x44C	;byte address: 0x89
   740                           
   741                           	global	_RA0
   742                           	global	_RA0
   743  0000                     	_RA0	set	0x28	;byte address: 0x5
   744                           
   745                           	global	_RA1
   746                           	global	_RA1
   747  0000                     	_RA1	set	0x29	;byte address: 0x5
   748                           
   749                           	global	_RA2
   750                           	global	_RA2
   751  0000                     	_RA2	set	0x2A	;byte address: 0x5
   752                           
   753                           	global	_RA3
   754                           	global	_RA3
   755  0000                     	_RA3	set	0x2B	;byte address: 0x5
   756                           
   757                           	global	_RA4
   758                           	global	_RA4
   759  0000                     	_RA4	set	0x2C	;byte address: 0x5
   760                           
   761                           	global	_RA5
   762                           	global	_RA5
   763  0000                     	_RA5	set	0x2D	;byte address: 0x5
   764                           
   765                           	global	_RB0
   766  0000                     	_RB0	set	0x30	;byte address: 0x6
   767                           
   768                           	global	_RB1
   769  0000                     	_RB1	set	0x31	;byte address: 0x6
   770                           
   771                           	global	_RB2
   772                           	global	_RB2
   773  0000                     	_RB2	set	0x32	;byte address: 0x6
   774                           
   775                           	global	_RB3
   776                           	global	_RB3
   777  0000                     	_RB3	set	0x33	;byte address: 0x6
   778                           
   779                           	global	_RB4
   780                           	global	_RB4
   781  0000                     	_RB4	set	0x34	;byte address: 0x6
   782                           
   783                           	global	_RB5
   784                           	global	_RB5
   785  0000                     	_RB5	set	0x35	;byte address: 0x6
   786                           
   787                           	global	_RB6
   788                           	global	_RB6
   789  0000                     	_RB6	set	0x36	;byte address: 0x6
   790                           
   791                           	global	_RB7
   792                           	global	_RB7
   793  0000                     	_RB7	set	0x37	;byte address: 0x6
   794                           
   795                           	global	_RBIE
   796                           	global	_RBIE
   797  0000                     	_RBIE	set	0x5B	;byte address: 0xB
   798                           
   799                           	global	_RBIF
   800                           	global	_RBIF
   801  0000                     	_RBIF	set	0x58	;byte address: 0xB
   802                           
   803                           	global	_RBPU
   804                           	global	_RBPU
   805  0000                     	_RBPU	set	0x40F	;byte address: 0x81
   806                           
   807                           	global	_RC0
   808                           	global	_RC0
   809  0000                     	_RC0	set	0x38	;byte address: 0x7
   810                           
   811                           	global	_RC1
   812                           	global	_RC1
   813  0000                     	_RC1	set	0x39	;byte address: 0x7
   814                           
   815                           	global	_RC2
   816                           	global	_RC2
   817  0000                     	_RC2	set	0x3A	;byte address: 0x7
   818                           
   819                           	global	_RC3
   820                           	global	_RC3
   821  0000                     	_RC3	set	0x3B	;byte address: 0x7
   822                           
   823                           	global	_RC4
   824                           	global	_RC4
   825  0000                     	_RC4	set	0x3C	;byte address: 0x7
   826                           
   827                           	global	_RC5
   828                           	global	_RC5
   829  0000                     	_RC5	set	0x3D	;byte address: 0x7
   830                           
   831                           	global	_RC6
   832                           	global	_RC6
   833  0000                     	_RC6	set	0x3E	;byte address: 0x7
   834                           
   835                           	global	_RC7
   836                           	global	_RC7
   837  0000                     	_RC7	set	0x3F	;byte address: 0x7
   838                           
   839                           	global	_RCEN
   840                           	global	_RCEN
   841  0000                     	_RCEN	set	0x48B	;byte address: 0x91
   842                           
   843                           	global	_RCIE
   844                           	global	_RCIE
   845  0000                     	_RCIE	set	0x465	;byte address: 0x8C
   846                           
   847                           	global	_RCIF
   848                           	global	_RCIF
   849  0000                     	_RCIF	set	0x65	;byte address: 0xC
   850                           
   851                           	global	_RD
   852                           	global	_RD
   853  0000                     	_RD	set	0xC60	;byte address: 0x18C
   854                           
   855                           	global	_RD0
   856                           	global	_RD0
   857  0000                     	_RD0	set	0x40	;byte address: 0x8
   858                           
   859                           	global	_RD1
   860                           	global	_RD1
   861  0000                     	_RD1	set	0x41	;byte address: 0x8
   862                           
   863                           	global	_RD2
   864                           	global	_RD2
   865  0000                     	_RD2	set	0x42	;byte address: 0x8
   866                           
   867                           	global	_RD3
   868                           	global	_RD3
   869  0000                     	_RD3	set	0x43	;byte address: 0x8
   870                           
   871                           	global	_RD4
   872                           	global	_RD4
   873  0000                     	_RD4	set	0x44	;byte address: 0x8
   874                           
   875                           	global	_RD5
   876                           	global	_RD5
   877  0000                     	_RD5	set	0x45	;byte address: 0x8
   878                           
   879                           	global	_RD6
   880                           	global	_RD6
   881  0000                     	_RD6	set	0x46	;byte address: 0x8
   882                           
   883                           	global	_RD7
   884                           	global	_RD7
   885  0000                     	_RD7	set	0x47	;byte address: 0x8
   886                           
   887                           	global	_RE0
   888                           	global	_RE0
   889  0000                     	_RE0	set	0x48	;byte address: 0x9
   890                           
   891                           	global	_RE1
   892                           	global	_RE1
   893  0000                     	_RE1	set	0x49	;byte address: 0x9
   894                           
   895                           	global	_RE2
   896                           	global	_RE2
   897  0000                     	_RE2	set	0x4A	;byte address: 0x9
   898                           
   899                           	global	_RP0
   900                           	global	_RP0
   901  0000                     	_RP0	set	0x1D	;byte address: 0x3
   902                           
   903                           	global	_RP1
   904                           	global	_RP1
   905  0000                     	_RP1	set	0x1E	;byte address: 0x3
   906                           
   907                           	global	_RSEN
   908                           	global	_RSEN
   909  0000                     	_RSEN	set	0x489	;byte address: 0x91
   910                           
   911                           	global	_RW
   912                           	global	_RW
   913  0000                     	_RW	set	0x4A2	;byte address: 0x94
   914                           
   915                           	global	_RX9
   916                           	global	_RX9
   917  0000                     	_RX9	set	0xC6	;byte address: 0x18
   918                           
   919                           	global	_RX9D
   920                           	global	_RX9D
   921  0000                     	_RX9D	set	0xC0	;byte address: 0x18
   922                           
   923                           	global	_SEN
   924                           	global	_SEN
   925  0000                     	_SEN	set	0x488	;byte address: 0x91
   926                           
   927                           	global	_SMP
   928                           	global	_SMP
   929  0000                     	_SMP	set	0x4A7	;byte address: 0x94
   930                           
   931                           	global	_SPEN
   932                           	global	_SPEN
   933  0000                     	_SPEN	set	0xC7	;byte address: 0x18
   934                           
   935                           	global	_SREN
   936                           	global	_SREN
   937  0000                     	_SREN	set	0xC5	;byte address: 0x18
   938                           
   939                           	global	_SSPEN
   940                           	global	_SSPEN
   941  0000                     	_SSPEN	set	0xA5	;byte address: 0x14
   942                           
   943                           	global	_SSPIE
   944                           	global	_SSPIE
   945  0000                     	_SSPIE	set	0x463	;byte address: 0x8C
   946                           
   947                           	global	_SSPIF
   948                           	global	_SSPIF
   949  0000                     	_SSPIF	set	0x63	;byte address: 0xC
   950                           
   951                           	global	_SSPM0
   952                           	global	_SSPM0
   953  0000                     	_SSPM0	set	0xA0	;byte address: 0x14
   954                           
   955                           	global	_SSPM1
   956                           	global	_SSPM1
   957  0000                     	_SSPM1	set	0xA1	;byte address: 0x14
   958                           
   959                           	global	_SSPM2
   960                           	global	_SSPM2
   961  0000                     	_SSPM2	set	0xA2	;byte address: 0x14
   962                           
   963                           	global	_SSPM3
   964                           	global	_SSPM3
   965  0000                     	_SSPM3	set	0xA3	;byte address: 0x14
   966                           
   967                           	global	_SSPOV
   968                           	global	_SSPOV
   969  0000                     	_SSPOV	set	0xA6	;byte address: 0x14
   970                           
   971                           	global	_START
   972                           	global	_START
   973  0000                     	_START	set	0x4A3	;byte address: 0x94
   974                           
   975                           	global	_STOP
   976                           	global	_STOP
   977  0000                     	_STOP	set	0x4A4	;byte address: 0x94
   978                           
   979                           	global	_SYNC
   980                           	global	_SYNC
   981  0000                     	_SYNC	set	0x4C4	;byte address: 0x98
   982                           
   983                           	global	_T0CS
   984                           	global	_T0CS
   985  0000                     	_T0CS	set	0x40D	;byte address: 0x81
   986                           
   987                           	global	_T0IE
   988                           	global	_T0IE
   989  0000                     	_T0IE	set	0x5D	;byte address: 0xB
   990                           
   991                           	global	_T0IF
   992                           	global	_T0IF
   993  0000                     	_T0IF	set	0x5A	;byte address: 0xB
   994                           
   995                           	global	_T0SE
   996                           	global	_T0SE
   997  0000                     	_T0SE	set	0x40C	;byte address: 0x81
   998                           
   999                           	global	_T1CKPS0
  1000                           	global	_T1CKPS0
  1001  0000                     	_T1CKPS0	set	0x84	;byte address: 0x10
  1002                           
  1003                           	global	_T1CKPS1
  1004                           	global	_T1CKPS1
  1005  0000                     	_T1CKPS1	set	0x85	;byte address: 0x10
  1006                           
  1007                           	global	_T1OSCEN
  1008                           	global	_T1OSCEN
  1009  0000                     	_T1OSCEN	set	0x83	;byte address: 0x10
  1010                           
  1011                           	global	_T1SYNC
  1012                           	global	_T1SYNC
  1013  0000                     	_T1SYNC	set	0x82	;byte address: 0x10
  1014                           
  1015                           	global	_T2CKPS0
  1016                           	global	_T2CKPS0
  1017  0000                     	_T2CKPS0	set	0x90	;byte address: 0x12
  1018                           
  1019                           	global	_T2CKPS1
  1020                           	global	_T2CKPS1
  1021  0000                     	_T2CKPS1	set	0x91	;byte address: 0x12
  1022                           
  1023                           	global	_TMR0IE
  1024                           	global	_TMR0IE
  1025  0000                     	_TMR0IE	set	0x5D	;byte address: 0xB
  1026                           
  1027                           	global	_TMR0IF
  1028                           	global	_TMR0IF
  1029  0000                     	_TMR0IF	set	0x5A	;byte address: 0xB
  1030                           
  1031                           	global	_TMR1CS
  1032                           	global	_TMR1CS
  1033  0000                     	_TMR1CS	set	0x81	;byte address: 0x10
  1034                           
  1035                           	global	_TMR1IE
  1036                           	global	_TMR1IE
  1037  0000                     	_TMR1IE	set	0x460	;byte address: 0x8C
  1038                           
  1039                           	global	_TMR1IF
  1040                           	global	_TMR1IF
  1041  0000                     	_TMR1IF	set	0x60	;byte address: 0xC
  1042                           
  1043                           	global	_TMR1ON
  1044                           	global	_TMR1ON
  1045  0000                     	_TMR1ON	set	0x80	;byte address: 0x10
  1046                           
  1047                           	global	_TMR2IE
  1048                           	global	_TMR2IE
  1049  0000                     	_TMR2IE	set	0x461	;byte address: 0x8C
  1050                           
  1051                           	global	_TMR2IF
  1052                           	global	_TMR2IF
  1053  0000                     	_TMR2IF	set	0x61	;byte address: 0xC
  1054                           
  1055                           	global	_TMR2ON
  1056                           	global	_TMR2ON
  1057  0000                     	_TMR2ON	set	0x92	;byte address: 0x12
  1058                           
  1059                           	global	_TO
  1060                           	global	_TO
  1061  0000                     	_TO	set	0x1C	;byte address: 0x3
  1062                           
  1063                           	global	_TOUTPS0
  1064                           	global	_TOUTPS0
  1065  0000                     	_TOUTPS0	set	0x93	;byte address: 0x12
  1066                           
  1067                           	global	_TOUTPS1
  1068                           	global	_TOUTPS1
  1069  0000                     	_TOUTPS1	set	0x94	;byte address: 0x12
  1070                           
  1071                           	global	_TOUTPS2
  1072                           	global	_TOUTPS2
  1073  0000                     	_TOUTPS2	set	0x95	;byte address: 0x12
  1074                           
  1075                           	global	_TOUTPS3
  1076                           	global	_TOUTPS3
  1077  0000                     	_TOUTPS3	set	0x96	;byte address: 0x12
  1078                           
  1079                           	global	_TRISA0
  1080                           	global	_TRISA0
  1081  0000                     	_TRISA0	set	0x428	;byte address: 0x85
  1082                           
  1083                           	global	_TRISA1
  1084                           	global	_TRISA1
  1085  0000                     	_TRISA1	set	0x429	;byte address: 0x85
  1086                           
  1087                           	global	_TRISA2
  1088                           	global	_TRISA2
  1089  0000                     	_TRISA2	set	0x42A	;byte address: 0x85
  1090                           
  1091                           	global	_TRISA3
  1092                           	global	_TRISA3
  1093  0000                     	_TRISA3	set	0x42B	;byte address: 0x85
  1094                           
  1095                           	global	_TRISA4
  1096                           	global	_TRISA4
  1097  0000                     	_TRISA4	set	0x42C	;byte address: 0x85
  1098                           
  1099                           	global	_TRISA5
  1100                           	global	_TRISA5
  1101  0000                     	_TRISA5	set	0x42D	;byte address: 0x85
  1102                           
  1103                           	global	_TRISB0
  1104                           	global	_TRISB0
  1105  0000                     	_TRISB0	set	0x430	;byte address: 0x86
  1106+                          
  1107+                          	global	_TRISB1
  1108+                          	global	_TRISB1
  1109+ 0000                     	_TRISB1	set	0x431	;byte address: 0x86
  1110                           
  1111                           	global	_TRISB2
  1112                           	global	_TRISB2
  1113  0000                     	_TRISB2	set	0x432	;byte address: 0x86
  1114                           
  1115                           	global	_TRISB3
  1116                           	global	_TRISB3
  1117  0000                     	_TRISB3	set	0x433	;byte address: 0x86
  1118                           
  1119                           	global	_TRISB4
  1120                           	global	_TRISB4
  1121  0000                     	_TRISB4	set	0x434	;byte address: 0x86
  1122                           
  1123                           	global	_TRISB5
  1124                           	global	_TRISB5
  1125  0000                     	_TRISB5	set	0x435	;byte address: 0x86
  1126                           
  1127                           	global	_TRISB6
  1128                           	global	_TRISB6
  1129  0000                     	_TRISB6	set	0x436	;byte address: 0x86
  1130                           
  1131                           	global	_TRISB7
  1132                           	global	_TRISB7
  1133  0000                     	_TRISB7	set	0x437	;byte address: 0x86
  1134                           
  1135                           	global	_TRISC0
  1136                           	global	_TRISC0
  1137  0000                     	_TRISC0	set	0x438	;byte address: 0x87
  1138                           
  1139                           	global	_TRISC1
  1140                           	global	_TRISC1
  1141  0000                     	_TRISC1	set	0x439	;byte address: 0x87
  1142                           
  1143                           	global	_TRISC2
  1144                           	global	_TRISC2
  1145  0000                     	_TRISC2	set	0x43A	;byte address: 0x87
  1146                           
  1147                           	global	_TRISC3
  1148                           	global	_TRISC3
  1149  0000                     	_TRISC3	set	0x43B	;byte address: 0x87
  1150                           
  1151                           	global	_TRISC4
  1152                           	global	_TRISC4
  1153  0000                     	_TRISC4	set	0x43C	;byte address: 0x87
  1154                           
  1155                           	global	_TRISC5
  1156                           	global	_TRISC5
  1157  0000                     	_TRISC5	set	0x43D	;byte address: 0x87
  1158                           
  1159                           	global	_TRISC6
  1160                           	global	_TRISC6
  1161  0000                     	_TRISC6	set	0x43E	;byte address: 0x87
  1162                           
  1163                           	global	_TRISC7
  1164                           	global	_TRISC7
  1165  0000                     	_TRISC7	set	0x43F	;byte address: 0x87
  1166                           
  1167                           	global	_TRISD0
  1168                           	global	_TRISD0
  1169  0000                     	_TRISD0	set	0x440	;byte address: 0x88
  1170                           
  1171                           	global	_TRISD1
  1172                           	global	_TRISD1
  1173  0000                     	_TRISD1	set	0x441	;byte address: 0x88
  1174                           
  1175                           	global	_TRISD2
  1176                           	global	_TRISD2
  1177  0000                     	_TRISD2	set	0x442	;byte address: 0x88
  1178                           
  1179                           	global	_TRISD3
  1180                           	global	_TRISD3
  1181  0000                     	_TRISD3	set	0x443	;byte address: 0x88
  1182                           
  1183                           	global	_TRISD4
  1184                           	global	_TRISD4
  1185  0000                     	_TRISD4	set	0x444	;byte address: 0x88
  1186                           
  1187                           	global	_TRISD5
  1188                           	global	_TRISD5
  1189  0000                     	_TRISD5	set	0x445	;byte address: 0x88
  1190                           
  1191                           	global	_TRISD6
  1192                           	global	_TRISD6
  1193  0000                     	_TRISD6	set	0x446	;byte address: 0x88
  1194                           
  1195                           	global	_TRISD7
  1196                           	global	_TRISD7
  1197  0000                     	_TRISD7	set	0x447	;byte address: 0x88
  1198                           
  1199                           	global	_TRISE0
  1200                           	global	_TRISE0
  1201  0000                     	_TRISE0	set	0x448	;byte address: 0x89
  1202                           
  1203                           	global	_TRISE1
  1204                           	global	_TRISE1
  1205  0000                     	_TRISE1	set	0x449	;byte address: 0x89
  1206                           
  1207                           	global	_TRISE2
  1208                           	global	_TRISE2
  1209  0000                     	_TRISE2	set	0x44A	;byte address: 0x89
  1210                           
  1211                           	global	_TRMT
  1212                           	global	_TRMT
  1213  0000                     	_TRMT	set	0x4C1	;byte address: 0x98
  1214                           
  1215                           	global	_TX9
  1216                           	global	_TX9
  1217  0000                     	_TX9	set	0x4C6	;byte address: 0x98
  1218                           
  1219                           	global	_TX9D
  1220                           	global	_TX9D
  1221  0000                     	_TX9D	set	0x4C0	;byte address: 0x98
  1222                           
  1223                           	global	_TXEN
  1224                           	global	_TXEN
  1225  0000                     	_TXEN	set	0x4C5	;byte address: 0x98
  1226                           
  1227                           	global	_TXIE
  1228                           	global	_TXIE
  1229  0000                     	_TXIE	set	0x464	;byte address: 0x8C
  1230                           
  1231                           	global	_TXIF
  1232                           	global	_TXIF
  1233  0000                     	_TXIF	set	0x64	;byte address: 0xC
  1234                           
  1235                           	global	_UA
  1236                           	global	_UA
  1237  0000                     	_UA	set	0x4A1	;byte address: 0x94
  1238                           
  1239                           	global	_WCOL
  1240                           	global	_WCOL
  1241  0000                     	_WCOL	set	0xA7	;byte address: 0x14
  1242                           
  1243                           	global	_WR
  1244                           	global	_WR
  1245  0000                     	_WR	set	0xC61	;byte address: 0x18C
  1246                           
  1247                           	global	_WREN
  1248                           	global	_WREN
  1249  0000                     	_WREN	set	0xC62	;byte address: 0x18C
  1250                           
  1251                           	global	_WRERR
  1252                           	global	_WRERR
  1253  0000                     	_WRERR	set	0xC63	;byte address: 0x18C
  1254                           
  1255                           	global	_ZERO
  1256                           	global	_ZERO
  1257  0000                     	_ZERO	set	0x1A	;byte address: 0x3
  1258                           
  1259                           	PSECT	fnauto0,class=BANK0,space=1
  1260                           	FNCONF	fnauto0,??,?
  1261                           apbank macro
  1262                           	bcf	status,5
  1263                           	bcf	status,6
  1264  0020                     	endm


HI-TECH Software PICC Macro Assembler V9.65 build 4410 
Symbol Table                                          Mon Oct 30 11:02:46 2023

           l2 0011             l3 000A             l5 0010  
           l6 0011     __Lrdata_0 0000     __Lramdata 0000  
          _DA 04A5            _BF 04A0            _DC 0019  
          _PD 001B            _RD 0C60            _UA 04A1  
          _TO 001C            _RW 04A2            _WR 0C61  
         _CM0 04E0           _CM1 04E1           _CM2 04E2  
         _CKE 04A6           _IBF 044F           _CIS 04E3  
         _CKP 00A4           _GIE 005F           _BOR 0470  
         _RA0 0028           _RA1 0029           _RB0 0030  
         _RA2 002A           _RB1 0031           _RA3 002B  
         _RC0 0038           _RB2 0032           _RA4 002C  
         _RC1 0039           _RB3 0033           _RA5 002D  
         _RD0 0040           _RC2 003A           _RB4 0034  
         _RD1 0041           _RC3 003B           _RB5 0035  
         _RE0 0048           _RD2 0042           _RC4 003C  
         _RB6 0036           _RE1 0049           _RD3 0043  
         _RC5 003D           _RB7 0037           _RE2 004A  
         _RD4 0044           _RC6 003E           _RD5 0045  
         _RC7 003F           _RD6 0046           _OBF 044E  
         _RD7 0047           _FSR 0004           _PCL 0002  
         _PS0 0408           _PR2 0092           _PS1 0409  
         _RP0 001D           _PS2 040A           _PEN 048A  
         _IRP 001F           _RP1 001E           _SEN 0488  
         _PSA 040B           u690 000E           u691 000D  
         _POR 0471           _RX9 00C6           _SMP 04A7  
         _TX9 04C6          _ADIE 0466          _ADIF 0066  
        _ADFM 04FF          _ADGO 00FA      __tempreg 0000  
        _ADON 00F8          _CHS0 00FB          _CHS1 00FC  
        _CHS2 00FD          _EEIE 046C          _EEIF 006C  
        _GCEN 048F          _CMIE 046E          _CMIF 006E  
        _BRGH 04C2          _T0IE 005D          _T0IF 005A  
        _CREN 00C4          _T0CS 040D          _FERR 00C2  
        _IBOV 044D          _CVR0 04E8          _CVR1 04E9  
        _CVR2 04EA          _CVR3 04EB          _T0SE 040C  
        _CSRC 04C7          _INDF 0000          _PIE1 008C  
        _PIE2 008D          _CVRR 04ED          _PEIE 005E  
        _INTE 005C          _INTF 0059          _RBIE 005B  
        _RBIF 0058          _RCIE 0465          _RCIF 0065  
        _RCEN 048B          _PCON 008E          _PIR1 000C  
        _PIR2 000D          _OERR 00C1          _RBPU 040F  
        _RX9D 00C0          _TMR0 0001          _TMR2 0011  
        _WCOL 00A7          _SPEN 00C7          _RSEN 0489  
   __databank 0000          _TX9D 04C0          _SREN 00C5  
        _TRMT 04C1          _STOP 04A4          _ZERO 001A  
        _TXIE 0464          _WREN 0C62          _TXIF 0064  
        _TXEN 04C5          _SYNC 04C4          _main 0003  
        start 0000       _CCP1CON 0017       _CCP2CON 001D  
     _ACKSTAT 048E         _C1INV 04E4         _C2INV 04E5  
       _C1OUT 04E6         _C2OUT 04E7         _ADCS0 00FE  
       _ADCS1 00FF         _ADCS2 04FE         _ADDEN 00C3  
       ?_main 0020         _ACKEN 048C         _ACKDT 048D  
       _BCLIE 046B         _BCLIF 006B         _CCP1X 00BD  
       _CCP1Y 00BC         _CCP2X 00ED         _CCP2Y 00EC  
       _EEADR 010D         _CARRY 0018         _EEPGD 0C67  
       _CMCON 009C         _T1CON 0010         _T2CON 0012  
     _T1CKPS0 0084       _T1CKPS1 0085         _PCFG0 04F8  
       _PCFG1 04F9         _PCFG2 04FA         _PCFG3 04FB  
     _T2CKPS0 0090       _T2CKPS1 0091         _CVREN 04EF  
       _CVROE 04EE         _RCREG 001A         _RCSTA 0018  
       _TMR1H 000F         _TMR1L 000E         _SPBRG 0099  
       _PORTA 0005         _PORTB 0006       _T1OSCEN 0083  
       _PORTC 0007         _PORTD 0008         _PORTE 0009  
       _PSPIE 0467         _PSPIF 0067         _START 04A3  
       _SSPM0 00A0         _SSPM1 00A1         _SSPM2 00A2  
       _SSPM3 00A3         _TRISA 0085         _TRISB 0086  
       _TRISC 0087         _TRISD 0088         _SSPIE 0463  
       _TRISE 0089         _SSPIF 0063         _SSPEN 00A5  
       _SSPOV 00A6         _WRERR 0C63         _TXREG 0019  
       _TXSTA 0098       _PSPMODE 044C       _SSPCON2 0091  
     _SSPSTAT 0094       _TOUTPS0 0093       _TOUTPS1 0094  
     _TOUTPS2 0095       _TOUTPS3 0096         status 0003  
      ??_main 0020        _ADCON0 001F        _ADCON1 009F  
      _CCP1M0 00B8        _CCP1M1 00B9        _CCP1M2 00BA  
      _CCP1M3 00BB        _CCP2M0 00E8        _CCP2M1 00E9  
      _CCP2M2 00EA        _CCP2M3 00EB        _CCP1IE 0462  
      _CCP1IF 0062        _CCP2IE 0468        _CCP2IF 0068  
      _ADRESH 001E        _EEADRH 010F        _ADRESL 009E  
      _EEADRL 010D        _EEDATA 010C        _CCPR1H 0016  
      _EEDATH 010E        _CCPR2H 001C        _CCPR1L 0015  
      _CCPR2L 001B        _EECON1 018C        _EECON2 018D  
__end_of_main 0015        _GODONE 00FA        _CVRCON 009D  
      _T1SYNC 0082        _INTEDG 040E        _PCLATH 000A  
      _INTCON 000B        _TMR0IE 005D        _TMR0IF 005A  
      _TMR1IE 0460        _TMR1IF 0060        _TMR1CS 0081  
      _TMR2IE 0461        _TMR2IF 0061        _TMR1ON 0080  
      _OPTION 0081        _TMR2ON 0092        _SSPADD 0093  
      _TRISA0 0428        _TRISA1 0429        _TRISB0 0430  
      _TRISA2 042A        _TRISB1 0431        _TRISA3 042B  
      _TRISC0 0438        _TRISB2 0432        _TRISA4 042C  
      _TRISC1 0439        _TRISB3 0433        _TRISA5 042D  
      _TRISD0 0440        _TRISC2 043A        _TRISB4 0434  
      _TRISD1 0441        _TRISC3 043B        _TRISB5 0435  
      _TRISE0 0448        _TRISD2 0442        _TRISC4 043C  
      _TRISB6 0436        _TRISE1 0449        _TRISD3 0443  
      _TRISC5 043D        _TRISB7 0437        _TRISE2 044A  
      _TRISD4 0444        _TRISC6 043E        _TRISD5 0445  
      _TRISC7 043F        _TRISD6 0446        _TRISD7 0447  
      _STATUS 0003        _SSPCON 0014        _SSPBUF 0013  
   __Hrdata_0 0001     __Hramdata 0001  
